src/App.tsx(36,7): error TS6133: 'COLORS' is declared but its value is never read.
src/App.tsx(958,15): error TS6133: 'ratio' is declared but its value is never read.
src/components/ExecutiveReportTemplate.tsx(3,87): error TS6133: 'Cell' is declared but its value is never read.
src/components/KPICard.tsx(1,17): error TS1484: 'ReactNode' is a type and must be imported using a type-only import when 'verbatimModuleSyntax' is enabled.
src/components/views/ArmadaView.tsx(15,72): error TS6133: 'formatIndoDate' is declared but its value is never read.
src/components/views/ArmadaView.tsx(33,51): error TS6133: 'type' is declared but its value is never read.
src/components/views/DashboardView.tsx(8,5): error TS6133: 'Upload' is declared but its value is never read.
src/components/views/DashboardView.tsx(8,13): error TS6133: 'Download' is declared but its value is never read.
src/components/views/DashboardView.tsx(8,54): error TS6133: 'Database' is declared but its value is never read.
src/components/views/DashboardView.tsx(9,5): error TS6133: 'CheckCircle' is declared but its value is never read.
src/components/views/DashboardView.tsx(9,57): error TS6133: 'AlertTriangle' is declared but its value is never read.
src/components/views/DashboardView.tsx(10,5): error TS6133: 'Megaphone' is declared but its value is never read.
src/components/views/DashboardView.tsx(10,23): error TS6133: 'Plus' is declared but its value is never read.
src/components/views/DashboardView.tsx(10,29): error TS6133: 'Trash2' is declared but its value is never read.
src/components/views/DashboardView.tsx(78,52): error TS6133: 'announcements' is declared but its value is never read.
src/components/views/DashboardView.tsx(80,30): error TS6133: 'newAnnouncementContent' is declared but its value is never read.
src/components/views/DashboardView.tsx(80,54): error TS6133: 'setNewAnnouncementContent' is declared but its value is never read.
src/components/views/DashboardView.tsx(81,5): error TS6133: 'handleGenerateInsight' is declared but its value is never read.
src/components/views/DashboardView.tsx(81,28): error TS6133: 'isGeneratingInsight' is declared but its value is never read.
src/components/views/DashboardView.tsx(81,49): error TS6133: 'handleAddAnnouncementAction' is declared but its value is never read.
src/components/views/DashboardView.tsx(81,78): error TS6133: 'handleDeleteAnnouncementAction' is declared but its value is never read.
src/components/views/DashboardView.tsx(82,5): error TS6133: 'handleFileUpload' is declared but its value is never read.
src/components/views/DashboardView.tsx(82,23): error TS6133: 'handleBackupData' is declared but its value is never read.
src/components/views/DashboardView.tsx(82,41): error TS6133: 'uploadStatus' is declared but its value is never read.
src/components/views/DashboardView.tsx(82,55): error TS6133: 'uploadMessage' is declared but its value is never read.
src/components/views/DashboardView.tsx(85,75): error TS6133: 'timeFilter' is declared but its value is never read.
src/components/views/DashboardView.tsx(290,67): error TS6133: 'entry' is declared but its value is never read.
src/components/views/HarvestEntryView.tsx(2,17): error TS6133: 'Scale' is declared but its value is never read.
src/components/views/HarvestEntryView.tsx(2,47): error TS6133: 'Calculator' is declared but its value is never read.
src/components/views/HarvestEntryView.tsx(3,10): error TS1484: 'HarvestEntry' is a type and must be imported using a type-only import when 'verbatimModuleSyntax' is enabled.
src/components/views/HarvestEntryView.tsx(16,24): error TS6133: 'setMandorName' is declared but its value is never read.
src/components/views/KualitasView.tsx(6,59): error TS6133: 'MapPin' is declared but its value is never read.
src/components/views/KualitasView.tsx(6,67): error TS6133: 'X' is declared but its value is never read.
src/components/views/KualitasView.tsx(20,56): error TS6133: 'setSelectedLocation' is declared but its value is never read.
src/components/views/MasterLokasiView.tsx(3,34): error TS6133: 'Power' is declared but its value is never read.
src/components/views/MasterLokasiView.tsx(3,41): error TS6133: 'History' is declared but its value is never read.
src/components/views/MasterLokasiView.tsx(3,58): error TS6133: 'Filter' is declared but its value is never read.
src/components/views/MasterLokasiView.tsx(4,27): error TS6133: 'AlertTriangle' is declared but its value is never read.
src/components/views/OperasionalView.tsx(32,7): error TS6133: 'TruckCard' is declared but its value is never read.
src/components/views/OperasionalView.tsx(71,7): error TS6133: 'MapZone' is declared but its value is never read.
src/components/views/PrediksiView.tsx(132,76): error TS6133: 'props' is declared but its value is never read.
